Display all 888 possibilities? (y or n)
HROOT.IDeletable
HROOT.ITHStack
HROOT.TCanvas
HROOT.TH2S
HROOT.delete
HROOT.downcastTH3C
HROOT.fixParameter
HROOT.getMean
HROOT.integralFast
HROOT.printObj
HROOT.setLabelSizeA
HROOT.setX1
HROOT.tGraphGetMaximum
HROOT.upcastTCrown
HROOT.ITApplication
HROOT.ITKey
HROOT.TClass
HROOT.TH3
HROOT.derivative
HROOT.downcastTH3D
HROOT.gROOT
HROOT.getMeanError
HROOT.integralTF1
HROOT.processEvents
HROOT.setLeftMargin
HROOT.setX2
HROOT.tGraphGetMinimum
HROOT.upcastTCutG
HROOT.ITArc
HROOT.ITLine
HROOT.TClass
HROOT.TH3
HROOT.derivative2
HROOT.downcastTH3F
HROOT.gSystem
HROOT.getMeanTGraph
HROOT.integralTGraph
HROOT.putStats
HROOT.setLineAttributes
HROOT.setXTitle
HROOT.tGraphGetN
HROOT.upcastTDirectory
HROOT.ITArray
HROOT.ITNamed
HROOT.TCollection
HROOT.TH3C
HROOT.derivative3
HROOT.downcastTH3I
HROOT.gaus
HROOT.getMinimumBin
HROOT.interpolate1
HROOT.rebin
HROOT.setLineColor
HROOT.setXfile
HROOT.tGraphGetXaxis
HROOT.upcastTDirectoryFile
HROOT.ITArrayC
HROOT.ITObjArray
HROOT.TCollection
HROOT.TH3C
HROOT.directoryAutoAdd
HROOT.downcastTH3S
HROOT.get
HROOT.getMinimumStored
HROOT.interpolate2
HROOT.rebin2D
HROOT.setLineStyle
HROOT.setXstat
HROOT.tGraphGetYaxis
HROOT.upcastTEllipse
HROOT.ITArrayD
HROOT.ITObject
HROOT.TCrown
HROOT.TH3D
HROOT.divide
HROOT.downcastTHStack
HROOT.getAxisColor
HROOT.getMinimumTF1
HROOT.interpolate3
HROOT.rebin3D
HROOT.setLineWidth
HROOT.setY1
HROOT.tGraphPaintGrapHist
HROOT.upcastTF1
HROOT.ITArrayF
HROOT.ITPCON
HROOT.TCrown
HROOT.TH3D
HROOT.divide_tvirtualpad
HROOT.downcastTKey
HROOT.getAxisColorA
HROOT.getMinimumTH1
HROOT.isA
HROOT.rebinAxis
HROOT.setLogx
HROOT.setY2
HROOT.tGraphPaintGraph
HROOT.upcastTFile
HROOT.ITArrayI
HROOT.ITPad
HROOT.TCutG
HROOT.TH3F
HROOT.downcastTApplication
HROOT.downcastTLine
HROOT.getBarOffset
HROOT.getMinimumX
HROOT.isEditable
HROOT.rebinX2
HROOT.setLogy
HROOT.setYTitle
HROOT.tH1GetAsymmetry
HROOT.upcastTFormula
HROOT.ITArrayL
HROOT.ITQObject
HROOT.TCutG
HROOT.TH3F
HROOT.downcastTArc
HROOT.downcastTNamed
HROOT.getBarWidth
HROOT.getNDF
HROOT.isInside
HROOT.rebinX3
HROOT.setLogz
HROOT.setYfile
HROOT.tH1GetBufferLength
HROOT.upcastTGaxis
HROOT.ITArrayL64
HROOT.ITROOT
HROOT.TDirectory
HROOT.TH3I
HROOT.downcastTArray
HROOT.downcastTObjArray
HROOT.getBin
HROOT.getName
HROOT.isInsideTGraph
HROOT.rebinY2
HROOT.setMargin
HROOT.setYstat
HROOT.tH1GetBufferSize
HROOT.upcastTGlobal
HROOT.ITArrayS
HROOT.ITRandom
HROOT.TDirectory
HROOT.TH3I
HROOT.downcastTArrayC
HROOT.downcastTObject
HROOT.getBinCenter
HROOT.getNbinsX
HROOT.isLinear
HROOT.rebinY3
HROOT.setMarkerAttributes
HROOT.setZTitle
HROOT.tH1GetDefaultBufferSize
HROOT.upcastTGraph
HROOT.ITArrow
HROOT.ITSPHE
HROOT.TDirectoryFile
HROOT.TH3S
HROOT.downcastTArrayD
HROOT.downcastTPCON
HROOT.getBinCenterLog
HROOT.getNbinsY
HROOT.isNormalized
HROOT.rebinZ3
HROOT.setMarkerColor
HROOT.showBackground
HROOT.tH1GetDefaultSumw2
HROOT.upcastTGraphAsymmErrors
HROOT.ITAtt3D
HROOT.ITSeqCollection
HROOT.TDirectoryFile
HROOT.TH3S
HROOT.downcastTArrayF
HROOT.downcastTPad
HROOT.getBinCenterTAxis
HROOT.getNbinsZ
HROOT.kolmogorovTest
HROOT.rebuild
HROOT.setMarkerSize
HROOT.showPeaks
HROOT.tH1GetDirectory
HROOT.upcastTGraphBentErrors
HROOT.ITAttAxis
HROOT.ITShape
HROOT.TEllipse
HROOT.THStack
HROOT.downcastTArrayI
HROOT.downcastTQObject
HROOT.getBinContent1
HROOT.getNdim
HROOT.labelsDeflate
HROOT.recursiveRemove
HROOT.setMarkerStyle
HROOT.smooth
HROOT.tH1IsBinOverflow
HROOT.upcastTGraphErrors
HROOT.ITAttBBox
HROOT.ITSystem
HROOT.TEllipse
HROOT.THStack
HROOT.downcastTArrayL
HROOT.downcastTROOT
HROOT.getBinContent2
HROOT.getNdivisionA
HROOT.labelsInflate
HROOT.releaseParameter
HROOT.setMaximum
HROOT.sumw2
HROOT.tH1IsBinUnderflow
HROOT.upcastTGraphPolar
HROOT.ITAttCanvas
HROOT.ITTUBE
HROOT.TF1
HROOT.TKey
HROOT.downcastTArrayL64
HROOT.downcastTRandom
HROOT.getBinContent3
HROOT.getNdivisions
HROOT.labelsOption
HROOT.removePoint
HROOT.setMaximumTF1
HROOT.tAttLineDistancetoLine
HROOT.tH1SetDefaultBufferSize
HROOT.upcastTGraphQQ
HROOT.ITAttFill
HROOT.ITVirtualPad
HROOT.TF1
HROOT.TKey
HROOT.downcastTArrayS
HROOT.downcastTSPHE
HROOT.getBinError1
HROOT.getNpar
HROOT.leastSquareFit
HROOT.reset
HROOT.setMaximumTGraph
HROOT.tAttPadGetAfile
HROOT.tH1SetDefaultSumw2
HROOT.upcastTH1
HROOT.ITAttImage
HROOT.TApplication
HROOT.TFile
HROOT.TLine
HROOT.downcastTArrow
HROOT.downcastTSeqCollection
HROOT.getBinError2
HROOT.getNpx
HROOT.mean
HROOT.resetAttLine
HROOT.setMinimum
HROOT.tAttPadGetAstat
HROOT.tH1SmoothArray
HROOT.upcastTH1C
HROOT.ITAttLine
HROOT.TApplication
HROOT.TFile
HROOT.TLine
HROOT.downcastTAtt3D
HROOT.downcastTShape
HROOT.getBinError3
HROOT.getNumber
HROOT.moment
HROOT.resetAttMarker
HROOT.setMinimumTF1
HROOT.tAttPadGetBottomMargin
HROOT.tH1StatOverflows
HROOT.upcastTH1D
HROOT.ITAttMarker
HROOT.TArc
HROOT.TFormula
HROOT.TNamed
HROOT.downcastTAttAxis
HROOT.downcastTSystem
HROOT.getBinLowEdge
HROOT.getNumberFitPoints
HROOT.multiflyF
HROOT.resetAttPad
HROOT.setMinimumTGraph
HROOT.tAttPadGetFrameBorderMode
HROOT.tH1UseCurrentStyle
HROOT.upcastTH1F
HROOT.ITAttPad
HROOT.TArc
HROOT.TFormula
HROOT.TNamed
HROOT.downcastTAttBBox
HROOT.downcastTTUBE
HROOT.getBinUpEdge
HROOT.getNumberFreeParameters
HROOT.multiply
HROOT.resetAttText
HROOT.setNDF
HROOT.tAttPadGetFrameBorderSize
HROOT.tH2ProjectionX
HROOT.upcastTH1I
HROOT.ITAttText
HROOT.TArray
HROOT.TGaxis
HROOT.TObjArray
HROOT.downcastTAttCanvas
HROOT.downcastTVirtualPad
HROOT.getBinWidth
HROOT.getParError
HROOT.newTApplication
HROOT.resetStats
HROOT.setName
HROOT.tAttPadGetFrameFillColor
HROOT.tH2ProjectionY
HROOT.upcastTH1K
HROOT.ITAxis
HROOT.TArray
HROOT.TGaxis
HROOT.TObjArray
HROOT.downcastTAttFill
HROOT.draw
HROOT.getCellContent
HROOT.getParNumber
HROOT.newTArc
HROOT.run
HROOT.setNameTitle
HROOT.tAttPadGetFrameFillStyle
HROOT.tH3Project3D
HROOT.upcastTH1S
HROOT.ITBRIK
HROOT.TArrayC
HROOT.TGlobal
HROOT.TObject
HROOT.downcastTAttImage
HROOT.drawCopyTF1
HROOT.getCellError
HROOT.getProb
HROOT.newTArrow
HROOT.saveAs
HROOT.setNdivisions
HROOT.tAttPadGetFrameLineColor
HROOT.tH3ProjectionX
HROOT.upcastTH2
HROOT.ITCanvas
HROOT.TArrayC
HROOT.TGlobal
HROOT.TObject
HROOT.downcastTAttLine
HROOT.drawCopyTH1
HROOT.getContour
HROOT.getQuantilesTF1
HROOT.newTAttAxis
HROOT.scale
HROOT.setNormFactor
HROOT.tAttPadGetFrameLineStyle
HROOT.tH3ProjectionY
HROOT.upcastTH2C
HROOT.ITClass
HROOT.TArrayD
HROOT.TGraph
HROOT.TPCON
HROOT.downcastTAttMarker
HROOT.drawDerivative
HROOT.getContourLevel
HROOT.getQuantilesTH1
HROOT.newTAttCanvas
HROOT.set
HROOT.setNpx
HROOT.tAttPadGetFrameLineWidth
HROOT.tH3ProjectionZ
HROOT.upcastTH2D
HROOT.ITCollection
HROOT.TArrayD
HROOT.TGraph
HROOT.TPCON
HROOT.downcastTAttPad
HROOT.drawF1
HROOT.getContourLevelPad
HROOT.getRMS
HROOT.newTAttFill
HROOT.setAfile
HROOT.setNumber
HROOT.tAttPadGetLeftMargin
HROOT.tLineGetX1
HROOT.upcastTH2F
HROOT.ITCrown
HROOT.TArrayF
HROOT.TGraphAsymmErrors
HROOT.TPad
HROOT.downcastTAttText
HROOT.drawGraph
HROOT.getCorrelationFactor2
HROOT.getRMSError
HROOT.newTAttLine
HROOT.setAstat
HROOT.setNumberFitPoints
HROOT.tAttPadGetRightMargin
HROOT.tLineGetX2
HROOT.upcastTH2I
HROOT.ITCutG
HROOT.TArrayF
HROOT.TGraphAsymmErrors
HROOT.TPad
HROOT.downcastTAxis
HROOT.drawIntegral
HROOT.getCorrelationFactor3
HROOT.getRMSTGraph
HROOT.newTAttMarker
HROOT.setAxisColor
HROOT.setOption
HROOT.tAttPadGetTopMargin
HROOT.tLineGetY1
HROOT.upcastTH2Poly
HROOT.ITDictionary
HROOT.TArrayI
HROOT.TGraphBentErrors
HROOT.TQObject
HROOT.downcastTBRIK
HROOT.drawLine
HROOT.getCorrelationFactorTGraph
HROOT.getROOT
HROOT.newTAttPad
HROOT.setAxisColorA
HROOT.setParError
HROOT.tAttPadGetXfile
HROOT.tLineGetY2
HROOT.upcastTH2S
HROOT.ITDirectory
HROOT.TArrayI
HROOT.TGraphBentErrors
HROOT.TQObject
HROOT.downcastTCanvas
HROOT.drawLineNDC
HROOT.getCovariance2
HROOT.getRandom
HROOT.newTAttText
HROOT.setAxisRange
HROOT.setParErrors
HROOT.tAttPadGetXstat
HROOT.tLineIsHorizontal
HROOT.upcastTH3
HROOT.ITDirectoryFile
HROOT.TArrayL
HROOT.TGraphErrors
HROOT.TROOT
HROOT.downcastTClass
HROOT.drawNormalized
HROOT.getCovariance3
HROOT.getRandomTF1
HROOT.newTAxis
HROOT.setBarOffset
HROOT.setParLimits
HROOT.tAttPadGetYfile
HROOT.tLineIsVertical
HROOT.upcastTH3C
HROOT.ITEllipse
HROOT.TArrayL
HROOT.TGraphErrors
HROOT.TROOT
HROOT.downcastTCollection
HROOT.drawPanelTGraph
HROOT.getCovarianceTGraph
HROOT.getSave
HROOT.newTBRIK
HROOT.setBarWidth
HROOT.setParName
HROOT.tAttPadGetYstat
HROOT.tLineSetHorizontal
HROOT.upcastTH3D
HROOT.ITF1
HROOT.TArrayL64
HROOT.TGraphPolar
HROOT.TRandom
HROOT.downcastTCrown
HROOT.drawPanelTH1
HROOT.getDimension
HROOT.getSeed
HROOT.newTCanvas
HROOT.setBinContent1
HROOT.setParNames
HROOT.tAttPadSetFrameBorderMode
HROOT.tLineSetVertical
HROOT.upcastTH3F
HROOT.ITFile
HROOT.TArrayL64
HROOT.TGraphPolar
HROOT.TRandom
HROOT.downcastTCutG
HROOT.eval
HROOT.getEffectiveEntries
HROOT.getSkewness
HROOT.newTCrown
HROOT.setBinContent2
HROOT.setParameter
HROOT.tAttPadSetFrameBorderSize
HROOT.tObjectGetObjectStat
HROOT.upcastTH3I
HROOT.ITFormula
HROOT.TArrayS
HROOT.TGraphQQ
HROOT.TSPHE
HROOT.downcastTDirectory
HROOT.evalF
HROOT.getEntries
HROOT.getStats
HROOT.newTCutG
HROOT.setBinContent3
HROOT.setParameters
HROOT.tAttPadSetFrameFillColor
HROOT.tROOTGetGlobal
HROOT.upcastTH3S
HROOT.ITGaxis
HROOT.TArrayS
HROOT.TGraphQQ
HROOT.TSPHE
HROOT.downcastTDirectoryFile
HROOT.evalPar
HROOT.getErrorX
HROOT.getSumOfWeights
HROOT.newTEllipse
HROOT.setBinError1
HROOT.setParent
HROOT.tAttPadSetFrameFillStyle
HROOT.tROOTInitialized
HROOT.upcastTHStack
HROOT.ITGlobal
HROOT.TArrow
HROOT.TH1
HROOT.TSeqCollection
HROOT.downcastTEllipse
HROOT.evalParOld
HROOT.getErrorXhigh
HROOT.getSumw2
HROOT.newTF1
HROOT.setBinError2
HROOT.setPoint
HROOT.tAttPadSetFrameLineColor
HROOT.uniform
HROOT.upcastTKey
HROOT.ITGraph
HROOT.TArrow
HROOT.TH1
HROOT.TSeqCollection
HROOT.downcastTF1
HROOT.expand
HROOT.getErrorXlow
HROOT.getSumw2N
HROOT.newTFile
HROOT.setBinError3
HROOT.setRange1
HROOT.tAttPadSetFrameLineStyle
HROOT.upcastTApplication
HROOT.upcastTLine
HROOT.ITGraphAsymmErrors
HROOT.TAtt3D
HROOT.TH1C
HROOT.TShape
HROOT.downcastTFile
HROOT.fFT
HROOT.getErrorY
HROOT.getTextAlign
HROOT.newTFormula
HROOT.setBins1
HROOT.setRange2
HROOT.tAttPadSetFrameLineWidth
HROOT.upcastTArc
HROOT.upcastTNamed
HROOT.ITGraphBentErrors
HROOT.TAtt3D
HROOT.TH1C
HROOT.TShape
HROOT.downcastTFormula
HROOT.fill1
HROOT.getErrorYhigh
HROOT.getTextAngle
HROOT.newTGaxis
HROOT.setBins2
HROOT.setRange3
HROOT.tAxisGetCenterLabels
HROOT.upcastTArray
HROOT.upcastTObjArray
HROOT.ITGraphErrors
HROOT.TAttAxis
HROOT.TH1D
HROOT.TSystem
HROOT.downcastTGaxis
HROOT.fill1w
HROOT.getErrorYlow
HROOT.getTextColor
HROOT.newTGraph
HROOT.setBins3
HROOT.setRightMargin
HROOT.tAxisGetCenterTitle
HROOT.upcastTArrayC
HROOT.upcastTObject
HROOT.ITGraphPolar
HROOT.TAttAxis
HROOT.TH1D
HROOT.TSystem
HROOT.downcastTGlobal
HROOT.fill2
HROOT.getFunction
HROOT.getTextFont
HROOT.newTGraphAsymmErrors
HROOT.setBinsLength
HROOT.setSavedPoint
HROOT.tDirectoryAddDirectory
HROOT.upcastTArrayD
HROOT.upcastTPCON
HROOT.ITGraphQQ
HROOT.TAttBBox
HROOT.TH1F
HROOT.TTUBE
HROOT.downcastTGraph
HROOT.fill2w
HROOT.getKurtosis
HROOT.getTextSize
HROOT.newTGraphBentErrors
HROOT.setBottomMargin
HROOT.setSeed
HROOT.tDirectoryAddDirectoryStatus
HROOT.upcastTArrayF
HROOT.upcastTPad
HROOT.ITH1
HROOT.TAttBBox
HROOT.TH1F
HROOT.TTUBE
HROOT.downcastTGraphAsymmErrors
HROOT.fill3
HROOT.getLabelColor
HROOT.getTickLength
HROOT.newTGraphErrors
HROOT.setBuffer
HROOT.setShowProjectionX
HROOT.tF1AbsValue
HROOT.upcastTArrayI
HROOT.upcastTQObject
HROOT.ITH1C
HROOT.TAttCanvas
HROOT.TH1I
HROOT.TVirtualPad
HROOT.downcastTGraphBentErrors
HROOT.fill3w
HROOT.getLabelColorA
HROOT.getTickLengthA
HROOT.newTGraphPolar
HROOT.setCellContent
HROOT.setShowProjectionY
HROOT.tF1CalcGaussLegendreSamplingPoints
HROOT.upcastTArrayL
HROOT.upcastTROOT
HROOT.ITH1D
HROOT.TAttCanvas
HROOT.TH1I
HROOT.TVirtualPad
HROOT.downcastTGraphErrors
HROOT.fillN1
HROOT.getLabelFont
HROOT.getTitleFont
HROOT.newTGraphQQ
HROOT.setChisquare
HROOT.setStats
HROOT.tF1DerivativeError
HROOT.upcastTArrayL64
HROOT.upcastTRandom
HROOT.ITH1F
HROOT.TAttFill
HROOT.TH1K
HROOT.add
HROOT.downcastTGraphPolar
HROOT.fillN2
HROOT.getLabelFontA
HROOT.getTitleFontA
HROOT.newTH1D
HROOT.setContent
HROOT.setTextAlign
HROOT.tF1GetChisquare
HROOT.upcastTArrayS
HROOT.upcastTSPHE
HROOT.ITH1I
HROOT.TAttFill
HROOT.TH1K
HROOT.addBinContent
HROOT.downcastTGraphQQ
HROOT.fillRandom
HROOT.getLabelOffset
HROOT.getTitleOffset
HROOT.newTH1F
HROOT.setContour
HROOT.setTextAngle
HROOT.tF1GetCurrent
HROOT.upcastTArrow
HROOT.upcastTSeqCollection
HROOT.ITH1K
HROOT.TAttImage
HROOT.TH1S
HROOT.addD
HROOT.downcastTH1
HROOT.fillRandom2
HROOT.getLabelOffsetA
HROOT.getTitleOffsetA
HROOT.newTH2D
HROOT.setContourLevel
HROOT.setTextAttributes
HROOT.tF1GetHistogram
HROOT.upcastTAtt3D
HROOT.upcastTShape
HROOT.ITH1S
HROOT.TAttImage
HROOT.TH1S
HROOT.append
HROOT.downcastTH1C
HROOT.findBin
HROOT.getLabelSize
HROOT.getTitleSize
HROOT.newTH2F
HROOT.setDirectory
HROOT.setTextColor
HROOT.tF1GetParent
HROOT.upcastTAttAxis
HROOT.upcastTSystem
HROOT.ITH2
HROOT.TAttLine
HROOT.TH2
HROOT.appendKey
HROOT.downcastTH1D
HROOT.findBinTAxis
HROOT.getLabelSizeA
HROOT.getTitleSizeA
HROOT.newTHStack
HROOT.setEditable
HROOT.setTextFont
HROOT.tF1GetXaxis
HROOT.upcastTAttBBox
HROOT.upcastTTUBE
HROOT.ITH2C
HROOT.TAttLine
HROOT.TH2
HROOT.apply
HROOT.downcastTH1F
HROOT.findFirstBinAbove
HROOT.getLineColor
HROOT.getX
HROOT.newTLine
HROOT.setEntries
HROOT.setTextSize
HROOT.tF1GetYaxis
HROOT.upcastTAttCanvas
HROOT.upcastTVirtualPad
HROOT.ITH2D
HROOT.TAttMarker
HROOT.TH2C
HROOT.bufferEmpty
HROOT.downcastTH1I
HROOT.findFirstBinAbove2
HROOT.getLineStyle
HROOT.getXmax
HROOT.newTNamed
HROOT.setError
HROOT.setTextSizePixels
HROOT.tF1GetZaxis
HROOT.upcastTAttFill
HROOT.update
HROOT.ITH2F
HROOT.TAttMarker
HROOT.TH2C
HROOT.cd
HROOT.downcastTH1K
HROOT.findFixBin
HROOT.getLineWidth
HROOT.getXmin
HROOT.newTObject
HROOT.setFillColor
HROOT.setTickLength
HROOT.tF1InitStandardFunctions
HROOT.upcastTAttImage
HROOT.variance
HROOT.ITH2I
HROOT.TAttPad
HROOT.TH2D
HROOT.cd_TDirectory
HROOT.downcastTH1S
HROOT.findFixBinTAxis
HROOT.getLowEdge
HROOT.gradientPar
HROOT.newTPCON
HROOT.setFillStyle
HROOT.setTimeDisplay
HROOT.tF1RejectPoint
HROOT.upcastTAttLine
HROOT.write
HROOT.ITH2Poly
HROOT.TAttPad
HROOT.TH2D
HROOT.centralMoment
HROOT.downcastTH2
HROOT.findLastBinAbove
HROOT.getMarkerColor
HROOT.initArgs
HROOT.newTRandom
HROOT.setHistogram
HROOT.setTimeFormat
HROOT.tF1RejectedPoint
HROOT.upcastTAttMarker
HROOT.ITH2S
HROOT.TAttText
HROOT.TH2F
HROOT.chi2Test
HROOT.downcastTH2C
HROOT.findLastBinAbove2
HROOT.getMarkerSize
HROOT.initExpo
HROOT.newTSPHE
HROOT.setLabelColor
HROOT.setTimeOffset
HROOT.tF1SetCurrent
HROOT.upcastTAttPad
HROOT.ITH3
HROOT.TAttText
HROOT.TH2F
HROOT.chisquare
HROOT.downcastTH2D
HROOT.findObject
HROOT.getMarkerStyle
HROOT.initGaus
HROOT.newTShape
HROOT.setLabelColorA
HROOT.setTitle
HROOT.tFormulaGetParameter
HROOT.upcastTAttText
HROOT.ITH3C
HROOT.TAxis
HROOT.TH2I
HROOT.clear
HROOT.downcastTH2F
HROOT.fitPanelTGraph
HROOT.getMaximumBin
HROOT.initPolynom
HROOT.newTTUBE
HROOT.setLabelFont
HROOT.setTitleColor
HROOT.tFormulaOptimize
HROOT.upcastTAxis
HROOT.ITH3D
HROOT.TAxis
HROOT.TH2I
HROOT.close
HROOT.downcastTH2I
HROOT.fitPanelTH1
HROOT.getMaximumStored
HROOT.insertPoint
HROOT.paint
HROOT.setLabelFontA
HROOT.setTitleFont
HROOT.tGraphGetEditable
HROOT.upcastTBRIK
HROOT.ITH3F
HROOT.TBRIK
HROOT.TH2Poly
HROOT.compile
HROOT.downcastTH2Poly
HROOT.fitSlicesX
HROOT.getMaximumTF1
HROOT.integral1
HROOT.paintLine
HROOT.setLabelOffset
HROOT.setTitleOffset
HROOT.tGraphGetFunction
HROOT.upcastTCanvas
HROOT.ITH3I
HROOT.TBRIK
HROOT.TH2Poly
HROOT.computeIntegral
HROOT.downcastTH2S
HROOT.fitSlicesY
HROOT.getMaximumTH1
HROOT.integral2
HROOT.paintLineNDC
HROOT.setLabelOffsetA
HROOT.setTitleSize
HROOT.tGraphGetHistogram
HROOT.upcastTClass
HROOT.ITH3S
HROOT.TCanvas
HROOT.TH2S
HROOT.definedValue
HROOT.downcastTH3
HROOT.fitSlicesZ
HROOT.getMaximumX
HROOT.integralError
HROOT.paintStats
HROOT.setLabelSize
HROOT.setTopMargin
HROOT.tGraphGetMaxSize
HROOT.upcastTCollection

