/data/ligo/archive/frames/S6/L1/LLO/L-L1_RDS_R_L1-9592/L-L1_RDS_R_L1-959200000-64.gwf
/data/ligo/archive/frames/S6/L1/LLO/L-L1_RDS_R_L1-9592/L-L1_RDS_R_L1-959200064-64.gwf
/data/ligo/archive/frames/S6/L1/LLO/L-L1_RDS_R_L1-9592/L-L1_RDS_R_L1-959200128-64.gwf
/data/ligo/archive/frames/S6/L1/LLO/L-L1_RDS_R_L1-9592/L-L1_RDS_R_L1-959200192-64.gwf
/data/ligo/archive/frames/S6/L1/LLO/L-L1_RDS_R_L1-9592/L-L1_RDS_R_L1-959200256-64.gwf
/data/ligo/archive/frames/S6/L1/LLO/L-L1_RDS_R_L1-9592/L-L1_RDS_R_L1-959200320-64.gwf
/data/ligo/archive/frames/S6/L1/LLO/L-L1_RDS_R_L1-9592/L-L1_RDS_R_L1-959200384-64.gwf
/data/ligo/archive/frames/S6/L1/LLO/L-L1_RDS_R_L1-9592/L-L1_RDS_R_L1-959200448-64.gwf
/data/ligo/archive/frames/S6/L1/LLO/L-L1_RDS_R_L1-9592/L-L1_RDS_R_L1-959200512-64.gwf
/data/ligo/archive/frames/S6/L1/LLO/L-L1_RDS_R_L1-9592/L-L1_RDS_R_L1-959200576-64.gwf
/data/ligo/archive/frames/S6/L1/LLO/L-L1_RDS_R_L1-9592/L-L1_RDS_R_L1-959200640-64.gwf
/data/ligo/archive/frames/S6/L1/LLO/L-L1_RDS_R_L1-9592/L-L1_RDS_R_L1-959200704-64.gwf
/data/ligo/archive/frames/S6/L1/LLO/L-L1_RDS_R_L1-9592/L-L1_RDS_R_L1-959200768-64.gwf
/data/ligo/archive/frames/S6/L1/LLO/L-L1_RDS_R_L1-9592/L-L1_RDS_R_L1-959200832-64.gwf
/data/ligo/archive/frames/S6/L1/LLO/L-L1_RDS_R_L1-9592/L-L1_RDS_R_L1-959200896-64.gwf
/data/ligo/archive/frames/S6/L1/LLO/L-L1_RDS_R_L1-9592/L-L1_RDS_R_L1-959200960-64.gwf
/data/ligo/archive/frames/S6/L1/LLO/L-L1_RDS_R_L1-9592/L-L1_RDS_R_L1-959201024-64.gwf
/data/ligo/archive/frames/S6/L1/LLO/L-L1_RDS_R_L1-9592/L-L1_RDS_R_L1-959201088-64.gwf
/data/ligo/archive/frames/S6/L1/LLO/L-L1_RDS_R_L1-9592/L-L1_RDS_R_L1-959201152-64.gwf
/data/ligo/archive/frames/S6/L1/LLO/L-L1_RDS_R_L1-9592/L-L1_RDS_R_L1-959201216-64.gwf
/data/ligo/archive/frames/S6/L1/LLO/L-L1_RDS_R_L1-9592/L-L1_RDS_R_L1-959201280-64.gwf
/data/ligo/archive/frames/S6/L1/LLO/L-L1_RDS_R_L1-9592/L-L1_RDS_R_L1-959201344-64.gwf
/data/ligo/archive/frames/S6/L1/LLO/L-L1_RDS_R_L1-9592/L-L1_RDS_R_L1-959201408-64.gwf
/data/ligo/archive/frames/S6/L1/LLO/L-L1_RDS_R_L1-9592/L-L1_RDS_R_L1-959201472-64.gwf
/data/ligo/archive/frames/S6/L1/LLO/L-L1_RDS_R_L1-9592/L-L1_RDS_R_L1-959201536-64.gwf
/data/ligo/archive/frames/S6/L1/LLO/L-L1_RDS_R_L1-9592/L-L1_RDS_R_L1-959201600-64.gwf
/data/ligo/archive/frames/S6/L1/LLO/L-L1_RDS_R_L1-9592/L-L1_RDS_R_L1-959201664-64.gwf
/data/ligo/archive/frames/S6/L1/LLO/L-L1_RDS_R_L1-9592/L-L1_RDS_R_L1-959201728-64.gwf
/data/ligo/archive/frames/S6/L1/LLO/L-L1_RDS_R_L1-9592/L-L1_RDS_R_L1-959201792-64.gwf
/data/ligo/archive/frames/S6/L1/LLO/L-L1_RDS_R_L1-9592/L-L1_RDS_R_L1-959201856-64.gwf
/data/ligo/archive/frames/S6/L1/LLO/L-L1_RDS_R_L1-9592/L-L1_RDS_R_L1-959201920-64.gwf
/data/ligo/archive/frames/S6/L1/LLO/L-L1_RDS_R_L1-9592/L-L1_RDS_R_L1-959201984-64.gwf
/data/ligo/archive/frames/S6/L1/LLO/L-L1_RDS_R_L1-9592/L-L1_RDS_R_L1-959202048-64.gwf
/data/ligo/archive/frames/S6/L1/LLO/L-L1_RDS_R_L1-9592/L-L1_RDS_R_L1-959202112-64.gwf
/data/ligo/archive/frames/S6/L1/LLO/L-L1_RDS_R_L1-9592/L-L1_RDS_R_L1-959202176-64.gwf
/data/ligo/archive/frames/S6/L1/LLO/L-L1_RDS_R_L1-9592/L-L1_RDS_R_L1-959202240-64.gwf
/data/ligo/archive/frames/S6/L1/LLO/L-L1_RDS_R_L1-9592/L-L1_RDS_R_L1-959202304-64.gwf
/data/ligo/archive/frames/S6/L1/LLO/L-L1_RDS_R_L1-9592/L-L1_RDS_R_L1-959202368-64.gwf
/data/ligo/archive/frames/S6/L1/LLO/L-L1_RDS_R_L1-9592/L-L1_RDS_R_L1-959202432-64.gwf
/data/ligo/archive/frames/S6/L1/LLO/L-L1_RDS_R_L1-9592/L-L1_RDS_R_L1-959202496-64.gwf
/data/ligo/archive/frames/S6/L1/LLO/L-L1_RDS_R_L1-9592/L-L1_RDS_R_L1-959202560-64.gwf
/data/ligo/archive/frames/S6/L1/LLO/L-L1_RDS_R_L1-9592/L-L1_RDS_R_L1-959202624-64.gwf
/data/ligo/archive/frames/S6/L1/LLO/L-L1_RDS_R_L1-9592/L-L1_RDS_R_L1-959202688-64.gwf
/data/ligo/archive/frames/S6/L1/LLO/L-L1_RDS_R_L1-9592/L-L1_RDS_R_L1-959202752-64.gwf
/data/ligo/archive/frames/S6/L1/LLO/L-L1_RDS_R_L1-9592/L-L1_RDS_R_L1-959202816-64.gwf
/data/ligo/archive/frames/S6/L1/LLO/L-L1_RDS_R_L1-9592/L-L1_RDS_R_L1-959202880-64.gwf
/data/ligo/archive/frames/S6/L1/LLO/L-L1_RDS_R_L1-9592/L-L1_RDS_R_L1-959202944-64.gwf
/data/ligo/archive/frames/S6/L1/LLO/L-L1_RDS_R_L1-9592/L-L1_RDS_R_L1-959203008-64.gwf
/data/ligo/archive/frames/S6/L1/LLO/L-L1_RDS_R_L1-9592/L-L1_RDS_R_L1-959203072-64.gwf
/data/ligo/archive/frames/S6/L1/LLO/L-L1_RDS_R_L1-9592/L-L1_RDS_R_L1-959203136-64.gwf
/data/ligo/archive/frames/S6/L1/LLO/L-L1_RDS_R_L1-9592/L-L1_RDS_R_L1-959203200-64.gwf
/data/ligo/archive/frames/S6/L1/LLO/L-L1_RDS_R_L1-9592/L-L1_RDS_R_L1-959203264-64.gwf
/data/ligo/archive/frames/S6/L1/LLO/L-L1_RDS_R_L1-9592/L-L1_RDS_R_L1-959203328-64.gwf
/data/ligo/archive/frames/S6/L1/LLO/L-L1_RDS_R_L1-9592/L-L1_RDS_R_L1-959203392-64.gwf
/data/ligo/archive/frames/S6/L1/LLO/L-L1_RDS_R_L1-9592/L-L1_RDS_R_L1-959203456-64.gwf
/data/ligo/archive/frames/S6/L1/LLO/L-L1_RDS_R_L1-9592/L-L1_RDS_R_L1-959203520-64.gwf
/data/ligo/archive/frames/S6/L1/LLO/L-L1_RDS_R_L1-9592/L-L1_RDS_R_L1-959203584-64.gwf
/data/ligo/archive/frames/S6/L1/LLO/L-L1_RDS_R_L1-9592/L-L1_RDS_R_L1-959203648-64.gwf
/data/ligo/archive/frames/S6/L1/LLO/L-L1_RDS_R_L1-9592/L-L1_RDS_R_L1-959203712-64.gwf
/data/ligo/archive/frames/S6/L1/LLO/L-L1_RDS_R_L1-9592/L-L1_RDS_R_L1-959203776-64.gwf
/data/ligo/archive/frames/S6/L1/LLO/L-L1_RDS_R_L1-9592/L-L1_RDS_R_L1-959203840-64.gwf
/data/ligo/archive/frames/S6/L1/LLO/L-L1_RDS_R_L1-9592/L-L1_RDS_R_L1-959203904-64.gwf
/data/ligo/archive/frames/S6/L1/LLO/L-L1_RDS_R_L1-9592/L-L1_RDS_R_L1-959203968-64.gwf
/data/ligo/archive/frames/S6/L1/LLO/L-L1_RDS_R_L1-9592/L-L1_RDS_R_L1-959204032-64.gwf
/data/ligo/archive/frames/S6/L1/LLO/L-L1_RDS_R_L1-9592/L-L1_RDS_R_L1-959204096-64.gwf
/data/ligo/archive/frames/S6/L1/LLO/L-L1_RDS_R_L1-9592/L-L1_RDS_R_L1-959204160-64.gwf
/data/ligo/archive/frames/S6/L1/LLO/L-L1_RDS_R_L1-9592/L-L1_RDS_R_L1-959204224-64.gwf
/data/ligo/archive/frames/S6/L1/LLO/L-L1_RDS_R_L1-9592/L-L1_RDS_R_L1-959204288-64.gwf
/data/ligo/archive/frames/S6/L1/LLO/L-L1_RDS_R_L1-9592/L-L1_RDS_R_L1-959204352-64.gwf
/data/ligo/archive/frames/S6/L1/LLO/L-L1_RDS_R_L1-9592/L-L1_RDS_R_L1-959204416-64.gwf
/data/ligo/archive/frames/S6/L1/LLO/L-L1_RDS_R_L1-9592/L-L1_RDS_R_L1-959204480-64.gwf
/data/ligo/archive/frames/S6/L1/LLO/L-L1_RDS_R_L1-9592/L-L1_RDS_R_L1-959204544-64.gwf
/data/ligo/archive/frames/S6/L1/LLO/L-L1_RDS_R_L1-9592/L-L1_RDS_R_L1-959204608-64.gwf
/data/ligo/archive/frames/S6/L1/LLO/L-L1_RDS_R_L1-9592/L-L1_RDS_R_L1-959204672-64.gwf
/data/ligo/archive/frames/S6/L1/LLO/L-L1_RDS_R_L1-9592/L-L1_RDS_R_L1-959204736-64.gwf
/data/ligo/archive/frames/S6/L1/LLO/L-L1_RDS_R_L1-9592/L-L1_RDS_R_L1-959204800-64.gwf
/data/ligo/archive/frames/S6/L1/LLO/L-L1_RDS_R_L1-9592/L-L1_RDS_R_L1-959204864-64.gwf
/data/ligo/archive/frames/S6/L1/LLO/L-L1_RDS_R_L1-9592/L-L1_RDS_R_L1-959204928-64.gwf
/data/ligo/archive/frames/S6/L1/LLO/L-L1_RDS_R_L1-9592/L-L1_RDS_R_L1-959204992-64.gwf
/data/ligo/archive/frames/S6/L1/LLO/L-L1_RDS_R_L1-9592/L-L1_RDS_R_L1-959205056-64.gwf
/data/ligo/archive/frames/S6/L1/LLO/L-L1_RDS_R_L1-9592/L-L1_RDS_R_L1-959205120-64.gwf
/data/ligo/archive/frames/S6/L1/LLO/L-L1_RDS_R_L1-9592/L-L1_RDS_R_L1-959205184-64.gwf
/data/ligo/archive/frames/S6/L1/LLO/L-L1_RDS_R_L1-9592/L-L1_RDS_R_L1-959205248-64.gwf
/data/ligo/archive/frames/S6/L1/LLO/L-L1_RDS_R_L1-9592/L-L1_RDS_R_L1-959205312-64.gwf
/data/ligo/archive/frames/S6/L1/LLO/L-L1_RDS_R_L1-9592/L-L1_RDS_R_L1-959205376-64.gwf
/data/ligo/archive/frames/S6/L1/LLO/L-L1_RDS_R_L1-9592/L-L1_RDS_R_L1-959205440-64.gwf
/data/ligo/archive/frames/S6/L1/LLO/L-L1_RDS_R_L1-9592/L-L1_RDS_R_L1-959205504-64.gwf
/data/ligo/archive/frames/S6/L1/LLO/L-L1_RDS_R_L1-9592/L-L1_RDS_R_L1-959205568-64.gwf
/data/ligo/archive/frames/S6/L1/LLO/L-L1_RDS_R_L1-9592/L-L1_RDS_R_L1-959205632-64.gwf
/data/ligo/archive/frames/S6/L1/LLO/L-L1_RDS_R_L1-9592/L-L1_RDS_R_L1-959205696-64.gwf
/data/ligo/archive/frames/S6/L1/LLO/L-L1_RDS_R_L1-9592/L-L1_RDS_R_L1-959205760-64.gwf
/data/ligo/archive/frames/S6/L1/LLO/L-L1_RDS_R_L1-9592/L-L1_RDS_R_L1-959205824-64.gwf
/data/ligo/archive/frames/S6/L1/LLO/L-L1_RDS_R_L1-9592/L-L1_RDS_R_L1-959205888-64.gwf
/data/ligo/archive/frames/S6/L1/LLO/L-L1_RDS_R_L1-9592/L-L1_RDS_R_L1-959205952-64.gwf
/data/ligo/archive/frames/S6/L1/LLO/L-L1_RDS_R_L1-9592/L-L1_RDS_R_L1-959206016-64.gwf
/data/ligo/archive/frames/S6/L1/LLO/L-L1_RDS_R_L1-9592/L-L1_RDS_R_L1-959206080-64.gwf
/data/ligo/archive/frames/S6/L1/LLO/L-L1_RDS_R_L1-9592/L-L1_RDS_R_L1-959206144-64.gwf
/data/ligo/archive/frames/S6/L1/LLO/L-L1_RDS_R_L1-9592/L-L1_RDS_R_L1-959206208-64.gwf
/data/ligo/archive/frames/S6/L1/LLO/L-L1_RDS_R_L1-9592/L-L1_RDS_R_L1-959206272-64.gwf
/data/ligo/archive/frames/S6/L1/LLO/L-L1_RDS_R_L1-9592/L-L1_RDS_R_L1-959206336-64.gwf
/data/ligo/archive/frames/S6/L1/LLO/L-L1_RDS_R_L1-9592/L-L1_RDS_R_L1-959206400-64.gwf
/data/ligo/archive/frames/S6/L1/LLO/L-L1_RDS_R_L1-9592/L-L1_RDS_R_L1-959206464-64.gwf
/data/ligo/archive/frames/S6/L1/LLO/L-L1_RDS_R_L1-9592/L-L1_RDS_R_L1-959206528-64.gwf
/data/ligo/archive/frames/S6/L1/LLO/L-L1_RDS_R_L1-9592/L-L1_RDS_R_L1-959206592-64.gwf
/data/ligo/archive/frames/S6/L1/LLO/L-L1_RDS_R_L1-9592/L-L1_RDS_R_L1-959206656-64.gwf
/data/ligo/archive/frames/S6/L1/LLO/L-L1_RDS_R_L1-9592/L-L1_RDS_R_L1-959206720-64.gwf
/data/ligo/archive/frames/S6/L1/LLO/L-L1_RDS_R_L1-9592/L-L1_RDS_R_L1-959206784-64.gwf
/data/ligo/archive/frames/S6/L1/LLO/L-L1_RDS_R_L1-9592/L-L1_RDS_R_L1-959206848-64.gwf
/data/ligo/archive/frames/S6/L1/LLO/L-L1_RDS_R_L1-9592/L-L1_RDS_R_L1-959206912-64.gwf
/data/ligo/archive/frames/S6/L1/LLO/L-L1_RDS_R_L1-9592/L-L1_RDS_R_L1-959206976-64.gwf
/data/ligo/archive/frames/S6/L1/LLO/L-L1_RDS_R_L1-9592/L-L1_RDS_R_L1-959207040-64.gwf
/data/ligo/archive/frames/S6/L1/LLO/L-L1_RDS_R_L1-9592/L-L1_RDS_R_L1-959207104-64.gwf
/data/ligo/archive/frames/S6/L1/LLO/L-L1_RDS_R_L1-9592/L-L1_RDS_R_L1-959207168-64.gwf
/data/ligo/archive/frames/S6/L1/LLO/L-L1_RDS_R_L1-9592/L-L1_RDS_R_L1-959207232-64.gwf
/data/ligo/archive/frames/S6/L1/LLO/L-L1_RDS_R_L1-9592/L-L1_RDS_R_L1-959207296-64.gwf
/data/ligo/archive/frames/S6/L1/LLO/L-L1_RDS_R_L1-9592/L-L1_RDS_R_L1-959207360-64.gwf
/data/ligo/archive/frames/S6/L1/LLO/L-L1_RDS_R_L1-9592/L-L1_RDS_R_L1-959207424-64.gwf
/data/ligo/archive/frames/S6/L1/LLO/L-L1_RDS_R_L1-9592/L-L1_RDS_R_L1-959207488-64.gwf
/data/ligo/archive/frames/S6/L1/LLO/L-L1_RDS_R_L1-9592/L-L1_RDS_R_L1-959207552-64.gwf
/data/ligo/archive/frames/S6/L1/LLO/L-L1_RDS_R_L1-9592/L-L1_RDS_R_L1-959207616-64.gwf
/data/ligo/archive/frames/S6/L1/LLO/L-L1_RDS_R_L1-9592/L-L1_RDS_R_L1-959207680-64.gwf
/data/ligo/archive/frames/S6/L1/LLO/L-L1_RDS_R_L1-9592/L-L1_RDS_R_L1-959207744-64.gwf
/data/ligo/archive/frames/S6/L1/LLO/L-L1_RDS_R_L1-9592/L-L1_RDS_R_L1-959207808-64.gwf
/data/ligo/archive/frames/S6/L1/LLO/L-L1_RDS_R_L1-9592/L-L1_RDS_R_L1-959207872-64.gwf
/data/ligo/archive/frames/S6/L1/LLO/L-L1_RDS_R_L1-9592/L-L1_RDS_R_L1-959207936-64.gwf
/data/ligo/archive/frames/S6/L1/LLO/L-L1_RDS_R_L1-9592/L-L1_RDS_R_L1-959208000-64.gwf
/data/ligo/archive/frames/S6/L1/LLO/L-L1_RDS_R_L1-9592/L-L1_RDS_R_L1-959208064-64.gwf
/data/ligo/archive/frames/S6/L1/LLO/L-L1_RDS_R_L1-9592/L-L1_RDS_R_L1-959208128-64.gwf
/data/ligo/archive/frames/S6/L1/LLO/L-L1_RDS_R_L1-9592/L-L1_RDS_R_L1-959208192-64.gwf
/data/ligo/archive/frames/S6/L1/LLO/L-L1_RDS_R_L1-9592/L-L1_RDS_R_L1-959208256-64.gwf
/data/ligo/archive/frames/S6/L1/LLO/L-L1_RDS_R_L1-9592/L-L1_RDS_R_L1-959208320-64.gwf
/data/ligo/archive/frames/S6/L1/LLO/L-L1_RDS_R_L1-9592/L-L1_RDS_R_L1-959208384-64.gwf
/data/ligo/archive/frames/S6/L1/LLO/L-L1_RDS_R_L1-9592/L-L1_RDS_R_L1-959208448-64.gwf
/data/ligo/archive/frames/S6/L1/LLO/L-L1_RDS_R_L1-9592/L-L1_RDS_R_L1-959208512-64.gwf
/data/ligo/archive/frames/S6/L1/LLO/L-L1_RDS_R_L1-9592/L-L1_RDS_R_L1-959208576-64.gwf
/data/ligo/archive/frames/S6/L1/LLO/L-L1_RDS_R_L1-9592/L-L1_RDS_R_L1-959208640-64.gwf
/data/ligo/archive/frames/S6/L1/LLO/L-L1_RDS_R_L1-9592/L-L1_RDS_R_L1-959208704-64.gwf
/data/ligo/archive/frames/S6/L1/LLO/L-L1_RDS_R_L1-9592/L-L1_RDS_R_L1-959208768-64.gwf
/data/ligo/archive/frames/S6/L1/LLO/L-L1_RDS_R_L1-9592/L-L1_RDS_R_L1-959208832-64.gwf
/data/ligo/archive/frames/S6/L1/LLO/L-L1_RDS_R_L1-9592/L-L1_RDS_R_L1-959208896-64.gwf
/data/ligo/archive/frames/S6/L1/LLO/L-L1_RDS_R_L1-9592/L-L1_RDS_R_L1-959208960-64.gwf
/data/ligo/archive/frames/S6/L1/LLO/L-L1_RDS_R_L1-9592/L-L1_RDS_R_L1-959209024-64.gwf
/data/ligo/archive/frames/S6/L1/LLO/L-L1_RDS_R_L1-9592/L-L1_RDS_R_L1-959209088-64.gwf
/data/ligo/archive/frames/S6/L1/LLO/L-L1_RDS_R_L1-9592/L-L1_RDS_R_L1-959209152-64.gwf
/data/ligo/archive/frames/S6/L1/LLO/L-L1_RDS_R_L1-9592/L-L1_RDS_R_L1-959209216-64.gwf
/data/ligo/archive/frames/S6/L1/LLO/L-L1_RDS_R_L1-9592/L-L1_RDS_R_L1-959209280-64.gwf
/data/ligo/archive/frames/S6/L1/LLO/L-L1_RDS_R_L1-9592/L-L1_RDS_R_L1-959209344-64.gwf
/data/ligo/archive/frames/S6/L1/LLO/L-L1_RDS_R_L1-9592/L-L1_RDS_R_L1-959209408-64.gwf
/data/ligo/archive/frames/S6/L1/LLO/L-L1_RDS_R_L1-9592/L-L1_RDS_R_L1-959209472-64.gwf
/data/ligo/archive/frames/S6/L1/LLO/L-L1_RDS_R_L1-9592/L-L1_RDS_R_L1-959209536-64.gwf
/data/ligo/archive/frames/S6/L1/LLO/L-L1_RDS_R_L1-9592/L-L1_RDS_R_L1-959209600-64.gwf
/data/ligo/archive/frames/S6/L1/LLO/L-L1_RDS_R_L1-9592/L-L1_RDS_R_L1-959209664-64.gwf
/data/ligo/archive/frames/S6/L1/LLO/L-L1_RDS_R_L1-9592/L-L1_RDS_R_L1-959209728-64.gwf
/data/ligo/archive/frames/S6/L1/LLO/L-L1_RDS_R_L1-9592/L-L1_RDS_R_L1-959209792-64.gwf
/data/ligo/archive/frames/S6/L1/LLO/L-L1_RDS_R_L1-9592/L-L1_RDS_R_L1-959209856-64.gwf
/data/ligo/archive/frames/S6/L1/LLO/L-L1_RDS_R_L1-9592/L-L1_RDS_R_L1-959209920-64.gwf
/data/ligo/archive/frames/S6/L1/LLO/L-L1_RDS_R_L1-9592/L-L1_RDS_R_L1-959209984-64.gwf
/data/ligo/archive/frames/S6/L1/LLO/L-L1_RDS_R_L1-9592/L-L1_RDS_R_L1-959210048-64.gwf
/data/ligo/archive/frames/S6/L1/LLO/L-L1_RDS_R_L1-9592/L-L1_RDS_R_L1-959210112-64.gwf
/data/ligo/archive/frames/S6/L1/LLO/L-L1_RDS_R_L1-9592/L-L1_RDS_R_L1-959210176-64.gwf
/data/ligo/archive/frames/S6/L1/LLO/L-L1_RDS_R_L1-9592/L-L1_RDS_R_L1-959210240-64.gwf
/data/ligo/archive/frames/S6/L1/LLO/L-L1_RDS_R_L1-9592/L-L1_RDS_R_L1-959210304-64.gwf
/data/ligo/archive/frames/S6/L1/LLO/L-L1_RDS_R_L1-9592/L-L1_RDS_R_L1-959210368-64.gwf
/data/ligo/archive/frames/S6/L1/LLO/L-L1_RDS_R_L1-9592/L-L1_RDS_R_L1-959210432-64.gwf
/data/ligo/archive/frames/S6/L1/LLO/L-L1_RDS_R_L1-9592/L-L1_RDS_R_L1-959210496-64.gwf
/data/ligo/archive/frames/S6/L1/LLO/L-L1_RDS_R_L1-9592/L-L1_RDS_R_L1-959210560-64.gwf
/data/ligo/archive/frames/S6/L1/LLO/L-L1_RDS_R_L1-9592/L-L1_RDS_R_L1-959210624-64.gwf
/data/ligo/archive/frames/S6/L1/LLO/L-L1_RDS_R_L1-9592/L-L1_RDS_R_L1-959210688-64.gwf
/data/ligo/archive/frames/S6/L1/LLO/L-L1_RDS_R_L1-9592/L-L1_RDS_R_L1-959210752-64.gwf
/data/ligo/archive/frames/S6/L1/LLO/L-L1_RDS_R_L1-9592/L-L1_RDS_R_L1-959210816-64.gwf
/data/ligo/archive/frames/S6/L1/LLO/L-L1_RDS_R_L1-9592/L-L1_RDS_R_L1-959210880-64.gwf
/data/ligo/archive/frames/S6/L1/LLO/L-L1_RDS_R_L1-9592/L-L1_RDS_R_L1-959210944-64.gwf
/data/ligo/archive/frames/S6/L1/LLO/L-L1_RDS_R_L1-9592/L-L1_RDS_R_L1-959211008-64.gwf
/data/ligo/archive/frames/S6/L1/LLO/L-L1_RDS_R_L1-9592/L-L1_RDS_R_L1-959211072-64.gwf
/data/ligo/archive/frames/S6/L1/LLO/L-L1_RDS_R_L1-9592/L-L1_RDS_R_L1-959211136-64.gwf
/data/ligo/archive/frames/S6/L1/LLO/L-L1_RDS_R_L1-9592/L-L1_RDS_R_L1-959211200-64.gwf
/data/ligo/archive/frames/S6/L1/LLO/L-L1_RDS_R_L1-9592/L-L1_RDS_R_L1-959211264-64.gwf
/data/ligo/archive/frames/S6/L1/LLO/L-L1_RDS_R_L1-9592/L-L1_RDS_R_L1-959211328-64.gwf
/data/ligo/archive/frames/S6/L1/LLO/L-L1_RDS_R_L1-9592/L-L1_RDS_R_L1-959211392-64.gwf
/data/ligo/archive/frames/S6/L1/LLO/L-L1_RDS_R_L1-9592/L-L1_RDS_R_L1-959211456-64.gwf
/data/ligo/archive/frames/S6/L1/LLO/L-L1_RDS_R_L1-9592/L-L1_RDS_R_L1-959211520-64.gwf
/data/ligo/archive/frames/S6/L1/LLO/L-L1_RDS_R_L1-9592/L-L1_RDS_R_L1-959211584-64.gwf
/data/ligo/archive/frames/S6/L1/LLO/L-L1_RDS_R_L1-9592/L-L1_RDS_R_L1-959211648-64.gwf
/data/ligo/archive/frames/S6/L1/LLO/L-L1_RDS_R_L1-9592/L-L1_RDS_R_L1-959211712-64.gwf
/data/ligo/archive/frames/S6/L1/LLO/L-L1_RDS_R_L1-9592/L-L1_RDS_R_L1-959211776-64.gwf
/data/ligo/archive/frames/S6/L1/LLO/L-L1_RDS_R_L1-9592/L-L1_RDS_R_L1-959211840-64.gwf
/data/ligo/archive/frames/S6/L1/LLO/L-L1_RDS_R_L1-9592/L-L1_RDS_R_L1-959211904-64.gwf
/data/ligo/archive/frames/S6/L1/LLO/L-L1_RDS_R_L1-9592/L-L1_RDS_R_L1-959211968-64.gwf
/data/ligo/archive/frames/S6/L1/LLO/L-L1_RDS_R_L1-9592/L-L1_RDS_R_L1-959212032-64.gwf
/data/ligo/archive/frames/S6/L1/LLO/L-L1_RDS_R_L1-9592/L-L1_RDS_R_L1-959212096-64.gwf
/data/ligo/archive/frames/S6/L1/LLO/L-L1_RDS_R_L1-9592/L-L1_RDS_R_L1-959212160-64.gwf
/data/ligo/archive/frames/S6/L1/LLO/L-L1_RDS_R_L1-9592/L-L1_RDS_R_L1-959212224-64.gwf
/data/ligo/archive/frames/S6/L1/LLO/L-L1_RDS_R_L1-9592/L-L1_RDS_R_L1-959212288-64.gwf
/data/ligo/archive/frames/S6/L1/LLO/L-L1_RDS_R_L1-9592/L-L1_RDS_R_L1-959212352-64.gwf
/data/ligo/archive/frames/S6/L1/LLO/L-L1_RDS_R_L1-9592/L-L1_RDS_R_L1-959212416-64.gwf
/data/ligo/archive/frames/S6/L1/LLO/L-L1_RDS_R_L1-9592/L-L1_RDS_R_L1-959212480-64.gwf
/data/ligo/archive/frames/S6/L1/LLO/L-L1_RDS_R_L1-9592/L-L1_RDS_R_L1-959212544-64.gwf
/data/ligo/archive/frames/S6/L1/LLO/L-L1_RDS_R_L1-9592/L-L1_RDS_R_L1-959212608-64.gwf
/data/ligo/archive/frames/S6/L1/LLO/L-L1_RDS_R_L1-9592/L-L1_RDS_R_L1-959212672-64.gwf
/data/ligo/archive/frames/S6/L1/LLO/L-L1_RDS_R_L1-9592/L-L1_RDS_R_L1-959212736-64.gwf
/data/ligo/archive/frames/S6/L1/LLO/L-L1_RDS_R_L1-9592/L-L1_RDS_R_L1-959212800-64.gwf
/data/ligo/archive/frames/S6/L1/LLO/L-L1_RDS_R_L1-9592/L-L1_RDS_R_L1-959212864-64.gwf
/data/ligo/archive/frames/S6/L1/LLO/L-L1_RDS_R_L1-9592/L-L1_RDS_R_L1-959212928-64.gwf
/data/ligo/archive/frames/S6/L1/LLO/L-L1_RDS_R_L1-9592/L-L1_RDS_R_L1-959212992-64.gwf
/data/ligo/archive/frames/S6/L1/LLO/L-L1_RDS_R_L1-9592/L-L1_RDS_R_L1-959213056-64.gwf
/data/ligo/archive/frames/S6/L1/LLO/L-L1_RDS_R_L1-9592/L-L1_RDS_R_L1-959213120-64.gwf
/data/ligo/archive/frames/S6/L1/LLO/L-L1_RDS_R_L1-9592/L-L1_RDS_R_L1-959213184-64.gwf
/data/ligo/archive/frames/S6/L1/LLO/L-L1_RDS_R_L1-9592/L-L1_RDS_R_L1-959213248-64.gwf
/data/ligo/archive/frames/S6/L1/LLO/L-L1_RDS_R_L1-9592/L-L1_RDS_R_L1-959213312-64.gwf
/data/ligo/archive/frames/S6/L1/LLO/L-L1_RDS_R_L1-9592/L-L1_RDS_R_L1-959213376-64.gwf
/data/ligo/archive/frames/S6/L1/LLO/L-L1_RDS_R_L1-9592/L-L1_RDS_R_L1-959213440-64.gwf
/data/ligo/archive/frames/S6/L1/LLO/L-L1_RDS_R_L1-9592/L-L1_RDS_R_L1-959213504-64.gwf
/data/ligo/archive/frames/S6/L1/LLO/L-L1_RDS_R_L1-9592/L-L1_RDS_R_L1-959213568-64.gwf
/data/ligo/archive/frames/S6/L1/LLO/L-L1_RDS_R_L1-9592/L-L1_RDS_R_L1-959213632-64.gwf
/data/ligo/archive/frames/S6/L1/LLO/L-L1_RDS_R_L1-9592/L-L1_RDS_R_L1-959213696-64.gwf
/data/ligo/archive/frames/S6/L1/LLO/L-L1_RDS_R_L1-9592/L-L1_RDS_R_L1-959213760-64.gwf
/data/ligo/archive/frames/S6/L1/LLO/L-L1_RDS_R_L1-9592/L-L1_RDS_R_L1-959213824-64.gwf
/data/ligo/archive/frames/S6/L1/LLO/L-L1_RDS_R_L1-9592/L-L1_RDS_R_L1-959213888-64.gwf
/data/ligo/archive/frames/S6/L1/LLO/L-L1_RDS_R_L1-9592/L-L1_RDS_R_L1-959213952-64.gwf
/data/ligo/archive/frames/S6/L1/LLO/L-L1_RDS_R_L1-9592/L-L1_RDS_R_L1-959214016-64.gwf
/data/ligo/archive/frames/S6/L1/LLO/L-L1_RDS_R_L1-9592/L-L1_RDS_R_L1-959214080-64.gwf
/data/ligo/archive/frames/S6/L1/LLO/L-L1_RDS_R_L1-9592/L-L1_RDS_R_L1-959214144-64.gwf
/data/ligo/archive/frames/S6/L1/LLO/L-L1_RDS_R_L1-9592/L-L1_RDS_R_L1-959214208-64.gwf
/data/ligo/archive/frames/S6/L1/LLO/L-L1_RDS_R_L1-9592/L-L1_RDS_R_L1-959214272-64.gwf
/data/ligo/archive/frames/S6/L1/LLO/L-L1_RDS_R_L1-9592/L-L1_RDS_R_L1-959214336-64.gwf
/data/ligo/archive/frames/S6/L1/LLO/L-L1_RDS_R_L1-9592/L-L1_RDS_R_L1-959214400-64.gwf
/data/ligo/archive/frames/S6/L1/LLO/L-L1_RDS_R_L1-9592/L-L1_RDS_R_L1-959214464-64.gwf
/data/ligo/archive/frames/S6/L1/LLO/L-L1_RDS_R_L1-9592/L-L1_RDS_R_L1-959214528-64.gwf
/data/ligo/archive/frames/S6/L1/LLO/L-L1_RDS_R_L1-9592/L-L1_RDS_R_L1-959214592-64.gwf
/data/ligo/archive/frames/S6/L1/LLO/L-L1_RDS_R_L1-9592/L-L1_RDS_R_L1-959214656-64.gwf
/data/ligo/archive/frames/S6/L1/LLO/L-L1_RDS_R_L1-9592/L-L1_RDS_R_L1-959214720-64.gwf
/data/ligo/archive/frames/S6/L1/LLO/L-L1_RDS_R_L1-9592/L-L1_RDS_R_L1-959214784-64.gwf
/data/ligo/archive/frames/S6/L1/LLO/L-L1_RDS_R_L1-9592/L-L1_RDS_R_L1-959214848-64.gwf
/data/ligo/archive/frames/S6/L1/LLO/L-L1_RDS_R_L1-9592/L-L1_RDS_R_L1-959214912-64.gwf
/data/ligo/archive/frames/S6/L1/LLO/L-L1_RDS_R_L1-9592/L-L1_RDS_R_L1-959214976-64.gwf
/data/ligo/archive/frames/S6/L1/LLO/L-L1_RDS_R_L1-9592/L-L1_RDS_R_L1-959215040-64.gwf
/data/ligo/archive/frames/S6/L1/LLO/L-L1_RDS_R_L1-9592/L-L1_RDS_R_L1-959215104-64.gwf
/data/ligo/archive/frames/S6/L1/LLO/L-L1_RDS_R_L1-9592/L-L1_RDS_R_L1-959215168-64.gwf
/data/ligo/archive/frames/S6/L1/LLO/L-L1_RDS_R_L1-9592/L-L1_RDS_R_L1-959215232-64.gwf
/data/ligo/archive/frames/S6/L1/LLO/L-L1_RDS_R_L1-9592/L-L1_RDS_R_L1-959215296-64.gwf
/data/ligo/archive/frames/S6/L1/LLO/L-L1_RDS_R_L1-9592/L-L1_RDS_R_L1-959215360-64.gwf
/data/ligo/archive/frames/S6/L1/LLO/L-L1_RDS_R_L1-9592/L-L1_RDS_R_L1-959215424-64.gwf
/data/ligo/archive/frames/S6/L1/LLO/L-L1_RDS_R_L1-9592/L-L1_RDS_R_L1-959215488-64.gwf
/data/ligo/archive/frames/S6/L1/LLO/L-L1_RDS_R_L1-9592/L-L1_RDS_R_L1-959215552-64.gwf
/data/ligo/archive/frames/S6/L1/LLO/L-L1_RDS_R_L1-9592/L-L1_RDS_R_L1-959215616-64.gwf
/data/ligo/archive/frames/S6/L1/LLO/L-L1_RDS_R_L1-9592/L-L1_RDS_R_L1-959215680-64.gwf
/data/ligo/archive/frames/S6/L1/LLO/L-L1_RDS_R_L1-9592/L-L1_RDS_R_L1-959215744-64.gwf
/data/ligo/archive/frames/S6/L1/LLO/L-L1_RDS_R_L1-9592/L-L1_RDS_R_L1-959215808-64.gwf
/data/ligo/archive/frames/S6/L1/LLO/L-L1_RDS_R_L1-9592/L-L1_RDS_R_L1-959215872-64.gwf
/data/ligo/archive/frames/S6/L1/LLO/L-L1_RDS_R_L1-9592/L-L1_RDS_R_L1-959215936-64.gwf
/data/ligo/archive/frames/S6/L1/LLO/L-L1_RDS_R_L1-9592/L-L1_RDS_R_L1-959216000-64.gwf
/data/ligo/archive/frames/S6/L1/LLO/L-L1_RDS_R_L1-9592/L-L1_RDS_R_L1-959216064-64.gwf
/data/ligo/archive/frames/S6/L1/LLO/L-L1_RDS_R_L1-9592/L-L1_RDS_R_L1-959216128-64.gwf
/data/ligo/archive/frames/S6/L1/LLO/L-L1_RDS_R_L1-9592/L-L1_RDS_R_L1-959216192-64.gwf
/data/ligo/archive/frames/S6/L1/LLO/L-L1_RDS_R_L1-9592/L-L1_RDS_R_L1-959216256-64.gwf
/data/ligo/archive/frames/S6/L1/LLO/L-L1_RDS_R_L1-9592/L-L1_RDS_R_L1-959216320-64.gwf
/data/ligo/archive/frames/S6/L1/LLO/L-L1_RDS_R_L1-9592/L-L1_RDS_R_L1-959216384-64.gwf
/data/ligo/archive/frames/S6/L1/LLO/L-L1_RDS_R_L1-9592/L-L1_RDS_R_L1-959216448-64.gwf
/data/ligo/archive/frames/S6/L1/LLO/L-L1_RDS_R_L1-9592/L-L1_RDS_R_L1-959216512-64.gwf
/data/ligo/archive/frames/S6/L1/LLO/L-L1_RDS_R_L1-9592/L-L1_RDS_R_L1-959216576-64.gwf
/data/ligo/archive/frames/S6/L1/LLO/L-L1_RDS_R_L1-9592/L-L1_RDS_R_L1-959216640-64.gwf
/data/ligo/archive/frames/S6/L1/LLO/L-L1_RDS_R_L1-9592/L-L1_RDS_R_L1-959216704-64.gwf
/data/ligo/archive/frames/S6/L1/LLO/L-L1_RDS_R_L1-9592/L-L1_RDS_R_L1-959216768-64.gwf
/data/ligo/archive/frames/S6/L1/LLO/L-L1_RDS_R_L1-9592/L-L1_RDS_R_L1-959216832-64.gwf
/data/ligo/archive/frames/S6/L1/LLO/L-L1_RDS_R_L1-9592/L-L1_RDS_R_L1-959216896-64.gwf
/data/ligo/archive/frames/S6/L1/LLO/L-L1_RDS_R_L1-9592/L-L1_RDS_R_L1-959216960-64.gwf
/data/ligo/archive/frames/S6/L1/LLO/L-L1_RDS_R_L1-9592/L-L1_RDS_R_L1-959217024-64.gwf
/data/ligo/archive/frames/S6/L1/LLO/L-L1_RDS_R_L1-9592/L-L1_RDS_R_L1-959217088-64.gwf
/data/ligo/archive/frames/S6/L1/LLO/L-L1_RDS_R_L1-9592/L-L1_RDS_R_L1-959217152-64.gwf
/data/ligo/archive/frames/S6/L1/LLO/L-L1_RDS_R_L1-9592/L-L1_RDS_R_L1-959217216-64.gwf
/data/ligo/archive/frames/S6/L1/LLO/L-L1_RDS_R_L1-9592/L-L1_RDS_R_L1-959217280-64.gwf
/data/ligo/archive/frames/S6/L1/LLO/L-L1_RDS_R_L1-9592/L-L1_RDS_R_L1-959217344-64.gwf
/data/ligo/archive/frames/S6/L1/LLO/L-L1_RDS_R_L1-9592/L-L1_RDS_R_L1-959217408-64.gwf
/data/ligo/archive/frames/S6/L1/LLO/L-L1_RDS_R_L1-9592/L-L1_RDS_R_L1-959217472-64.gwf
/data/ligo/archive/frames/S6/L1/LLO/L-L1_RDS_R_L1-9592/L-L1_RDS_R_L1-959217536-64.gwf
/data/ligo/archive/frames/S6/L1/LLO/L-L1_RDS_R_L1-9592/L-L1_RDS_R_L1-959217600-64.gwf
/data/ligo/archive/frames/S6/L1/LLO/L-L1_RDS_R_L1-9592/L-L1_RDS_R_L1-959217664-64.gwf
/data/ligo/archive/frames/S6/L1/LLO/L-L1_RDS_R_L1-9592/L-L1_RDS_R_L1-959217728-64.gwf
/data/ligo/archive/frames/S6/L1/LLO/L-L1_RDS_R_L1-9592/L-L1_RDS_R_L1-959217792-64.gwf
/data/ligo/archive/frames/S6/L1/LLO/L-L1_RDS_R_L1-9592/L-L1_RDS_R_L1-959217856-64.gwf
/data/ligo/archive/frames/S6/L1/LLO/L-L1_RDS_R_L1-9592/L-L1_RDS_R_L1-959217920-64.gwf
/data/ligo/archive/frames/S6/L1/LLO/L-L1_RDS_R_L1-9592/L-L1_RDS_R_L1-959217984-64.gwf
/data/ligo/archive/frames/S6/L1/LLO/L-L1_RDS_R_L1-9592/L-L1_RDS_R_L1-959218048-64.gwf
/data/ligo/archive/frames/S6/L1/LLO/L-L1_RDS_R_L1-9592/L-L1_RDS_R_L1-959218112-64.gwf
/data/ligo/archive/frames/S6/L1/LLO/L-L1_RDS_R_L1-9592/L-L1_RDS_R_L1-959218176-64.gwf
/data/ligo/archive/frames/S6/L1/LLO/L-L1_RDS_R_L1-9592/L-L1_RDS_R_L1-959218240-64.gwf
/data/ligo/archive/frames/S6/L1/LLO/L-L1_RDS_R_L1-9592/L-L1_RDS_R_L1-959218304-64.gwf
/data/ligo/archive/frames/S6/L1/LLO/L-L1_RDS_R_L1-9592/L-L1_RDS_R_L1-959218368-64.gwf
/data/ligo/archive/frames/S6/L1/LLO/L-L1_RDS_R_L1-9592/L-L1_RDS_R_L1-959218432-64.gwf
/data/ligo/archive/frames/S6/L1/LLO/L-L1_RDS_R_L1-9592/L-L1_RDS_R_L1-959218496-64.gwf
/data/ligo/archive/frames/S6/L1/LLO/L-L1_RDS_R_L1-9592/L-L1_RDS_R_L1-959218560-64.gwf
/data/ligo/archive/frames/S6/L1/LLO/L-L1_RDS_R_L1-9592/L-L1_RDS_R_L1-959218624-64.gwf
/data/ligo/archive/frames/S6/L1/LLO/L-L1_RDS_R_L1-9592/L-L1_RDS_R_L1-959218688-64.gwf
/data/ligo/archive/frames/S6/L1/LLO/L-L1_RDS_R_L1-9592/L-L1_RDS_R_L1-959218752-64.gwf
/data/ligo/archive/frames/S6/L1/LLO/L-L1_RDS_R_L1-9592/L-L1_RDS_R_L1-959218816-64.gwf
/data/ligo/archive/frames/S6/L1/LLO/L-L1_RDS_R_L1-9592/L-L1_RDS_R_L1-959218880-64.gwf
/data/ligo/archive/frames/S6/L1/LLO/L-L1_RDS_R_L1-9592/L-L1_RDS_R_L1-959218944-64.gwf
/data/ligo/archive/frames/S6/L1/LLO/L-L1_RDS_R_L1-9592/L-L1_RDS_R_L1-959219008-64.gwf
/data/ligo/archive/frames/S6/L1/LLO/L-L1_RDS_R_L1-9592/L-L1_RDS_R_L1-959219072-64.gwf
/data/ligo/archive/frames/S6/L1/LLO/L-L1_RDS_R_L1-9592/L-L1_RDS_R_L1-959219136-64.gwf
/data/ligo/archive/frames/S6/L1/LLO/L-L1_RDS_R_L1-9592/L-L1_RDS_R_L1-959219200-64.gwf
/data/ligo/archive/frames/S6/L1/LLO/L-L1_RDS_R_L1-9592/L-L1_RDS_R_L1-959219264-64.gwf
/data/ligo/archive/frames/S6/L1/LLO/L-L1_RDS_R_L1-9592/L-L1_RDS_R_L1-959219328-64.gwf
/data/ligo/archive/frames/S6/L1/LLO/L-L1_RDS_R_L1-9592/L-L1_RDS_R_L1-959219392-64.gwf
/data/ligo/archive/frames/S6/L1/LLO/L-L1_RDS_R_L1-9592/L-L1_RDS_R_L1-959219456-64.gwf
/data/ligo/archive/frames/S6/L1/LLO/L-L1_RDS_R_L1-9592/L-L1_RDS_R_L1-959219520-64.gwf
/data/ligo/archive/frames/S6/L1/LLO/L-L1_RDS_R_L1-9592/L-L1_RDS_R_L1-959219584-64.gwf
/data/ligo/archive/frames/S6/L1/LLO/L-L1_RDS_R_L1-9592/L-L1_RDS_R_L1-959219648-64.gwf
/data/ligo/archive/frames/S6/L1/LLO/L-L1_RDS_R_L1-9592/L-L1_RDS_R_L1-959219712-64.gwf
/data/ligo/archive/frames/S6/L1/LLO/L-L1_RDS_R_L1-9592/L-L1_RDS_R_L1-959219776-64.gwf
/data/ligo/archive/frames/S6/L1/LLO/L-L1_RDS_R_L1-9592/L-L1_RDS_R_L1-959219840-64.gwf
/data/ligo/archive/frames/S6/L1/LLO/L-L1_RDS_R_L1-9592/L-L1_RDS_R_L1-959219904-64.gwf
/data/ligo/archive/frames/S6/L1/LLO/L-L1_RDS_R_L1-9592/L-L1_RDS_R_L1-959219968-64.gwf
