/home/yamamoto/workspace/data/X-R-1034553792-16.gwf
/home/yamamoto/workspace/data/X-R-1034553808-16.gwf
/home/yamamoto/workspace/data/X-R-1034553824-16.gwf
/home/yamamoto/workspace/data/X-R-1034553840-16.gwf
/home/yamamoto/workspace/data/X-R-1034553856-16.gwf
/home/yamamoto/workspace/data/X-R-1034553872-16.gwf
/home/yamamoto/workspace/data/X-R-1034553888-16.gwf
/home/yamamoto/workspace/data/X-R-1034553904-16.gwf
/home/yamamoto/workspace/data/X-R-1034553920-16.gwf
/home/yamamoto/workspace/data/X-R-1034553936-16.gwf
/home/yamamoto/workspace/data/X-R-1034553952-16.gwf
/home/yamamoto/workspace/data/X-R-1034553968-16.gwf
/home/yamamoto/workspace/data/X-R-1034553984-16.gwf
/home/yamamoto/workspace/data/X-R-1034554000-16.gwf
/home/yamamoto/workspace/data/X-R-1034554016-16.gwf
/home/yamamoto/workspace/data/X-R-1034554032-16.gwf
/home/yamamoto/workspace/data/X-R-1034554048-16.gwf
/home/yamamoto/workspace/data/X-R-1034554064-16.gwf
/home/yamamoto/workspace/data/X-R-1034554080-16.gwf
/home/yamamoto/workspace/data/X-R-1034554096-16.gwf
/home/yamamoto/workspace/data/X-R-1034554112-16.gwf
/home/yamamoto/workspace/data/X-R-1034554128-16.gwf
/home/yamamoto/workspace/data/X-R-1034554144-16.gwf
/home/yamamoto/workspace/data/X-R-1034554160-16.gwf
/home/yamamoto/workspace/data/X-R-1034554176-16.gwf
/home/yamamoto/workspace/data/X-R-1034554192-16.gwf
/home/yamamoto/workspace/data/X-R-1034554208-16.gwf
/home/yamamoto/workspace/data/X-R-1034554224-16.gwf
/home/yamamoto/workspace/data/X-R-1034554240-16.gwf
/home/yamamoto/workspace/data/X-R-1034554256-16.gwf
/home/yamamoto/workspace/data/X-R-1034554272-16.gwf
/home/yamamoto/workspace/data/X-R-1034554288-16.gwf
/home/yamamoto/workspace/data/X-R-1034554304-16.gwf
/home/yamamoto/workspace/data/X-R-1034554320-16.gwf
/home/yamamoto/workspace/data/X-R-1034554336-16.gwf
/home/yamamoto/workspace/data/X-R-1034554352-16.gwf
/home/yamamoto/workspace/data/X-R-1034554368-16.gwf
/home/yamamoto/workspace/data/X-R-1034554384-16.gwf
/home/yamamoto/workspace/data/X-R-1034554400-16.gwf
/home/yamamoto/workspace/data/X-R-1034554416-16.gwf
/home/yamamoto/workspace/data/X-R-1034554432-16.gwf
/home/yamamoto/workspace/data/X-R-1034554448-16.gwf
/home/yamamoto/workspace/data/X-R-1034554464-16.gwf
/home/yamamoto/workspace/data/X-R-1034554480-16.gwf
/home/yamamoto/workspace/data/X-R-1034554496-16.gwf
/home/yamamoto/workspace/data/X-R-1034554512-16.gwf
/home/yamamoto/workspace/data/X-R-1034554528-16.gwf
/home/yamamoto/workspace/data/X-R-1034554544-16.gwf
/home/yamamoto/workspace/data/X-R-1034554560-16.gwf
/home/yamamoto/workspace/data/X-R-1034554576-16.gwf
/home/yamamoto/workspace/data/X-R-1034554592-16.gwf
/home/yamamoto/workspace/data/X-R-1034554608-16.gwf
/home/yamamoto/workspace/data/X-R-1034554624-16.gwf
/home/yamamoto/workspace/data/X-R-1034554640-16.gwf
/home/yamamoto/workspace/data/X-R-1034554656-16.gwf
/home/yamamoto/workspace/data/X-R-1034554672-16.gwf
/home/yamamoto/workspace/data/X-R-1034554688-16.gwf
/home/yamamoto/workspace/data/X-R-1034554704-16.gwf
/home/yamamoto/workspace/data/X-R-1034554720-16.gwf
/home/yamamoto/workspace/data/X-R-1034554736-16.gwf
/home/yamamoto/workspace/data/X-R-1034554752-16.gwf
/home/yamamoto/workspace/data/X-R-1034554768-16.gwf
/home/yamamoto/workspace/data/X-R-1034554784-16.gwf
/home/yamamoto/workspace/data/X-R-1034554800-16.gwf
/home/yamamoto/workspace/data/X-R-1034554816-16.gwf
/home/yamamoto/workspace/data/X-R-1034554832-16.gwf
/home/yamamoto/workspace/data/X-R-1034554848-16.gwf
/home/yamamoto/workspace/data/X-R-1034554864-16.gwf
/home/yamamoto/workspace/data/X-R-1034554880-16.gwf
/home/yamamoto/workspace/data/X-R-1034554896-16.gwf
/home/yamamoto/workspace/data/X-R-1034554912-16.gwf
/home/yamamoto/workspace/data/X-R-1034554928-16.gwf
/home/yamamoto/workspace/data/X-R-1034554944-16.gwf
/home/yamamoto/workspace/data/X-R-1034554960-16.gwf
/home/yamamoto/workspace/data/X-R-1034554976-16.gwf
/home/yamamoto/workspace/data/X-R-1034554992-16.gwf
/home/yamamoto/workspace/data/X-R-1034555008-16.gwf
/home/yamamoto/workspace/data/X-R-1034555024-16.gwf
/home/yamamoto/workspace/data/X-R-1034555040-16.gwf
/home/yamamoto/workspace/data/X-R-1034555056-16.gwf
/home/yamamoto/workspace/data/X-R-1034555072-16.gwf
/home/yamamoto/workspace/data/X-R-1034555088-16.gwf
/home/yamamoto/workspace/data/X-R-1034555104-16.gwf
/home/yamamoto/workspace/data/X-R-1034555120-16.gwf
/home/yamamoto/workspace/data/X-R-1034555136-16.gwf
/home/yamamoto/workspace/data/X-R-1034555152-16.gwf
/home/yamamoto/workspace/data/X-R-1034555168-16.gwf
/home/yamamoto/workspace/data/X-R-1034555184-16.gwf
/home/yamamoto/workspace/data/X-R-1034555200-16.gwf
/home/yamamoto/workspace/data/X-R-1034555216-16.gwf
/home/yamamoto/workspace/data/X-R-1034555232-16.gwf
/home/yamamoto/workspace/data/X-R-1034555248-16.gwf
/home/yamamoto/workspace/data/X-R-1034555264-16.gwf
/home/yamamoto/workspace/data/X-R-1034555280-16.gwf
/home/yamamoto/workspace/data/X-R-1034555296-16.gwf
/home/yamamoto/workspace/data/X-R-1034555312-16.gwf
/home/yamamoto/workspace/data/X-R-1034555328-16.gwf
/home/yamamoto/workspace/data/X-R-1034555344-16.gwf
/home/yamamoto/workspace/data/X-R-1034555360-16.gwf
/home/yamamoto/workspace/data/X-R-1034555376-16.gwf
/home/yamamoto/workspace/data/X-R-1034555392-16.gwf
/home/yamamoto/workspace/data/X-R-1034555408-16.gwf
/home/yamamoto/workspace/data/X-R-1034555424-16.gwf
/home/yamamoto/workspace/data/X-R-1034555440-16.gwf
/home/yamamoto/workspace/data/X-R-1034555456-16.gwf
/home/yamamoto/workspace/data/X-R-1034555472-16.gwf
/home/yamamoto/workspace/data/X-R-1034555488-16.gwf
/home/yamamoto/workspace/data/X-R-1034555504-16.gwf
/home/yamamoto/workspace/data/X-R-1034555520-16.gwf
/home/yamamoto/workspace/data/X-R-1034555536-16.gwf
/home/yamamoto/workspace/data/X-R-1034555552-16.gwf
/home/yamamoto/workspace/data/X-R-1034555568-16.gwf
/home/yamamoto/workspace/data/X-R-1034555584-16.gwf
/home/yamamoto/workspace/data/X-R-1034555600-16.gwf
/home/yamamoto/workspace/data/X-R-1034555616-16.gwf
/home/yamamoto/workspace/data/X-R-1034555632-16.gwf
/home/yamamoto/workspace/data/X-R-1034555648-16.gwf
/home/yamamoto/workspace/data/X-R-1034555664-16.gwf
/home/yamamoto/workspace/data/X-R-1034555680-16.gwf
/home/yamamoto/workspace/data/X-R-1034555696-16.gwf
/home/yamamoto/workspace/data/X-R-1034555712-16.gwf
/home/yamamoto/workspace/data/X-R-1034555728-16.gwf
/home/yamamoto/workspace/data/X-R-1034555744-16.gwf
/home/yamamoto/workspace/data/X-R-1034555760-16.gwf
/home/yamamoto/workspace/data/X-R-1034555776-16.gwf
/home/yamamoto/workspace/data/X-R-1034555792-16.gwf
/home/yamamoto/workspace/data/X-R-1034555808-16.gwf
/home/yamamoto/workspace/data/X-R-1034555824-16.gwf
/home/yamamoto/workspace/data/X-R-1034555840-16.gwf
/home/yamamoto/workspace/data/X-R-1034555856-16.gwf
/home/yamamoto/workspace/data/X-R-1034555872-16.gwf
/home/yamamoto/workspace/data/X-R-1034555888-16.gwf
/home/yamamoto/workspace/data/X-R-1034555904-16.gwf
/home/yamamoto/workspace/data/X-R-1034555920-16.gwf
/home/yamamoto/workspace/data/X-R-1034555936-16.gwf
/home/yamamoto/workspace/data/X-R-1034555952-16.gwf
/home/yamamoto/workspace/data/X-R-1034555968-16.gwf
/home/yamamoto/workspace/data/X-R-1034555984-16.gwf
/home/yamamoto/workspace/data/X-R-1034556000-16.gwf
/home/yamamoto/workspace/data/X-R-1034556016-16.gwf
/home/yamamoto/workspace/data/X-R-1034556032-16.gwf
/home/yamamoto/workspace/data/X-R-1034556048-16.gwf
/home/yamamoto/workspace/data/X-R-1034556064-16.gwf
/home/yamamoto/workspace/data/X-R-1034556080-16.gwf
/home/yamamoto/workspace/data/X-R-1034556096-16.gwf
/home/yamamoto/workspace/data/X-R-1034556112-16.gwf
/home/yamamoto/workspace/data/X-R-1034556128-16.gwf
/home/yamamoto/workspace/data/X-R-1034556144-16.gwf
/home/yamamoto/workspace/data/X-R-1034556160-16.gwf
/home/yamamoto/workspace/data/X-R-1034556176-16.gwf
/home/yamamoto/workspace/data/X-R-1034556192-16.gwf
/home/yamamoto/workspace/data/X-R-1034556208-16.gwf
/home/yamamoto/workspace/data/X-R-1034556224-16.gwf
/home/yamamoto/workspace/data/X-R-1034556240-16.gwf
/home/yamamoto/workspace/data/X-R-1034556256-16.gwf
/home/yamamoto/workspace/data/X-R-1034556272-16.gwf
/home/yamamoto/workspace/data/X-R-1034556288-16.gwf
/home/yamamoto/workspace/data/X-R-1034556304-16.gwf
/home/yamamoto/workspace/data/X-R-1034556320-16.gwf
/home/yamamoto/workspace/data/X-R-1034556336-16.gwf
/home/yamamoto/workspace/data/X-R-1034556352-16.gwf
/home/yamamoto/workspace/data/X-R-1034556368-16.gwf
/home/yamamoto/workspace/data/X-R-1034556384-16.gwf
/home/yamamoto/workspace/data/X-R-1034556400-16.gwf
/home/yamamoto/workspace/data/X-R-1034556416-16.gwf
/home/yamamoto/workspace/data/X-R-1034556432-16.gwf
/home/yamamoto/workspace/data/X-R-1034556448-16.gwf
/home/yamamoto/workspace/data/X-R-1034556464-16.gwf
/home/yamamoto/workspace/data/X-R-1034556480-16.gwf
/home/yamamoto/workspace/data/X-R-1034556496-16.gwf
/home/yamamoto/workspace/data/X-R-1034556512-16.gwf
/home/yamamoto/workspace/data/X-R-1034556528-16.gwf
/home/yamamoto/workspace/data/X-R-1034556544-16.gwf
/home/yamamoto/workspace/data/X-R-1034556560-16.gwf
/home/yamamoto/workspace/data/X-R-1034556576-16.gwf
/home/yamamoto/workspace/data/X-R-1034556592-16.gwf
/home/yamamoto/workspace/data/X-R-1034556608-16.gwf
/home/yamamoto/workspace/data/X-R-1034556624-16.gwf
/home/yamamoto/workspace/data/X-R-1034556640-16.gwf
/home/yamamoto/workspace/data/X-R-1034556656-16.gwf
/home/yamamoto/workspace/data/X-R-1034556672-16.gwf
/home/yamamoto/workspace/data/X-R-1034556688-16.gwf
/home/yamamoto/workspace/data/X-R-1034556704-16.gwf
/home/yamamoto/workspace/data/X-R-1034556720-16.gwf
/home/yamamoto/workspace/data/X-R-1034556736-16.gwf
/home/yamamoto/workspace/data/X-R-1034556752-16.gwf
/home/yamamoto/workspace/data/X-R-1034556768-16.gwf
/home/yamamoto/workspace/data/X-R-1034556784-16.gwf
/home/yamamoto/workspace/data/X-R-1034556800-16.gwf
/home/yamamoto/workspace/data/X-R-1034556816-16.gwf
/home/yamamoto/workspace/data/X-R-1034556832-16.gwf
/home/yamamoto/workspace/data/X-R-1034556848-16.gwf
/home/yamamoto/workspace/data/X-R-1034556864-16.gwf
/home/yamamoto/workspace/data/X-R-1034556880-16.gwf
/home/yamamoto/workspace/data/X-R-1034556896-16.gwf
/home/yamamoto/workspace/data/X-R-1034556912-16.gwf
/home/yamamoto/workspace/data/X-R-1034556928-16.gwf
/home/yamamoto/workspace/data/X-R-1034556944-16.gwf
/home/yamamoto/workspace/data/X-R-1034556960-16.gwf
/home/yamamoto/workspace/data/X-R-1034556976-16.gwf
